// Jest Snapshot v1, https://goo.gl/fbAQLP

exports[`Sort Should render component correctly 1`] = `
<DocumentFragment>
  <div
    class="root"
  >
    <p
      class="label"
    >
      Sort By
    </p>
    <select
      class="root"
    >
      <option
        disabled=""
        hidden=""
        value=""
      >
        Choose here
      </option>
      <option
        class="option"
        value="title"
      >
        Title
      </option>
      <option
        class="option"
        value="vote_average"
      >
        Vote Average
      </option>
      <option
        class="option"
        value="release_date"
      >
        Release Date
      </option>
      <option
        class="option"
        value="runtime"
      >
        Runtime
      </option>
    </select>
  </div>
</DocumentFragment>
`;
