// Jest Snapshot v1, https://goo.gl/fbAQLP

exports[`App Should render component correctly 1`] = `
<DocumentFragment>
  <div
    class="root"
  >
    <div
      class="content"
    >
      <div
        class="root"
      >
        <div
          class="root header"
        >
          <div
            class="container"
          >
            <div
              class="header"
            >
              <p
                class="root"
              >
                <span>
                  netflix
                </span>
                roulette
              </p>
              <button
                class="button"
              >
                + Add Movie
              </button>
            </div>
          </div>
        </div>
        <div
          class="container"
        >
          <div
            class="content"
          >
            <h1
              class="contentTitle"
            >
              Find Your Movie
            </h1>
            <form
              class="root"
            >
              <input
                class="field"
                name="search"
                placeholder="What do you want to watch?"
                type="text"
                value=""
              />
              <button
                class="button"
                type="submit"
              >
                Search
              </button>
            </form>
          </div>
        </div>
      </div>
      <div
        class="line"
      />
      <div
        class="root"
      >
        <div
          class="container"
        >
          <div
            class="controls"
          >
            <div
              class="root"
            >
              <div
                class="root"
              >
                <button
                  class="button buttonActive"
                >
                  All
                </button>
                <div
                  class="line"
                />
              </div>
              <div
                class="root"
              >
                <button
                  class="button"
                >
                  Documentary
                </button>
              </div>
              <div
                class="root"
              >
                <button
                  class="button"
                >
                  Comedy
                </button>
              </div>
              <div
                class="root"
              >
                <button
                  class="button"
                >
                  Horror
                </button>
              </div>
              <div
                class="root"
              >
                <button
                  class="button"
                >
                  Crime
                </button>
              </div>
            </div>
            <div
              class="root"
            >
              <p
                class="label"
              >
                Sort By
              </p>
              <select
                class="root"
              >
                <option
                  disabled=""
                  hidden=""
                  value=""
                >
                  Choose here
                </option>
                <option
                  class="option"
                  value="title"
                >
                  Title
                </option>
                <option
                  class="option"
                  value="vote_average"
                >
                  Vote Average
                </option>
                <option
                  class="option"
                  value="release_date"
                >
                  Release Date
                </option>
                <option
                  class="option"
                  value="runtime"
                >
                  Runtime
                </option>
              </select>
            </div>
          </div>
          <div
            class="line"
          />
        </div>
      </div>
      <div
        class="root"
      >
        <div
          class="container"
        >
          <h1
            class="title"
          >
            No movie found
          </h1>
        </div>
      </div>
    </div>
    <div
      class="footer"
    >
      <div
        class="root"
      >
        <p
          class="root logoRoot"
        >
          <span>
            netflix
          </span>
          roulette
        </p>
      </div>
    </div>
  </div>
</DocumentFragment>
`;
