// Jest Snapshot v1, https://goo.gl/fbAQLP

exports[`Filter Should render component correctly 1`] = `
<DocumentFragment>
  <div
    class="root"
  >
    <div
      class="root"
    >
      <button
        class="button buttonActive"
      >
        All
      </button>
      <div
        class="line"
      />
    </div>
    <div
      class="root"
    >
      <button
        class="button"
      >
        Documentary
      </button>
    </div>
    <div
      class="root"
    >
      <button
        class="button"
      >
        Comedy
      </button>
    </div>
    <div
      class="root"
    >
      <button
        class="button"
      >
        Horror
      </button>
    </div>
    <div
      class="root"
    >
      <button
        class="button"
      >
        Crime
      </button>
    </div>
  </div>
</DocumentFragment>
`;
